// Jest Snapshot v1, https://goo.gl/fbAQLP

exports[`Pruebas del componente GifItem debe hacer match con el snapshot 1`] = `
<div>
  <div
    class="card"
  >
    <img
      alt="titulo"
      src="http://www.one-punch.com/one.gif"
    />
    <p>
      titulo
    </p>
  </div>
</div>
`;
